Flow report for SingleCycleProcessor
Mon Sep  5 16:07:11 2022
Quartus Prime Version 20.1.0 Build 711 06/05/2020 SJ Lite Edition


---------------------
; Table of Contents ;
---------------------
  1. Legal Notice
  2. Flow Summary
  3. Flow Settings
  4. Flow Non-Default Global Settings
  5. Flow Elapsed Time
  6. Flow OS Summary
  7. Flow Log
  8. Flow Messages
  9. Flow Suppressed Messages



----------------
; Legal Notice ;
----------------
Copyright (C) 2020  Intel Corporation. All rights reserved.
Your use of Intel Corporation's design tools, logic functions 
and other software and tools, and any partner logic 
functions, and any output files from any of the foregoing 
(including device programming or simulation files), and any 
associated documentation or information are expressly subject 
to the terms and conditions of the Intel Program License 
Subscription Agreement, the Intel Quartus Prime License Agreement,
the Intel FPGA IP License Agreement, or other applicable license
agreement, including, without limitation, that your use is for
the sole purpose of programming logic devices manufactured by
Intel and sold by Intel or its authorized distributors.  Please
refer to the applicable agreement for further details, at
https://fpgasoftware.intel.com/eula.



+----------------------------------------------------------------------------------+
; Flow Summary                                                                     ;
+------------------------------------+---------------------------------------------+
; Flow Status                        ; Successful - Mon Sep  5 16:07:11 2022       ;
; Quartus Prime Version              ; 20.1.0 Build 711 06/05/2020 SJ Lite Edition ;
; Revision Name                      ; SingleCycleProcessor                        ;
; Top-level Entity Name              ; execute                                     ;
; Family                             ; Cyclone IV E                                ;
; Total logic elements               ; 476                                         ;
;     Total combinational functions  ; 476                                         ;
;     Dedicated logic registers      ; 0                                           ;
; Total registers                    ; 0                                           ;
; Total pins                         ; 454                                         ;
; Total virtual pins                 ; 0                                           ;
; Total memory bits                  ; 0                                           ;
; Embedded Multiplier 9-bit elements ; 0                                           ;
; Total PLLs                         ; 0                                           ;
+------------------------------------+---------------------------------------------+


+------------------------------------------+
; Flow Settings                            ;
+-------------------+----------------------+
; Option            ; Setting              ;
+-------------------+----------------------+
; Start date & time ; 09/05/2022 16:07:04  ;
; Main task         ; Compilation          ;
; Revision Name     ; SingleCycleProcessor ;
+-------------------+----------------------+


+--------------------------------------------------------------------------------------------------------------------------------------------------------+
; Flow Non-Default Global Settings                                                                                                                       ;
+--------------------------------------+----------------------------------------+----------------------+-------------+-----------------------------------+
; Assignment Name                      ; Value                                  ; Default Value        ; Entity Name ; Section Id                        ;
+--------------------------------------+----------------------------------------+----------------------+-------------+-----------------------------------+
; COMPILER_SIGNATURE_ID                ; 167417731879719.166240482404871        ; --                   ; --          ; --                                ;
; EDA_DESIGN_INSTANCE_NAME             ; NA                                     ; --                   ; --          ; regfile_tb                        ;
; EDA_DESIGN_INSTANCE_NAME             ; NA                                     ; --                   ; --          ; imem_tb                           ;
; EDA_DESIGN_INSTANCE_NAME             ; NA                                     ; --                   ; --          ; fetch_tb                          ;
; EDA_DESIGN_INSTANCE_NAME             ; NA                                     ; --                   ; --          ; maindec_tb                        ;
; EDA_GENERATE_FUNCTIONAL_NETLIST      ; Off                                    ; --                   ; --          ; eda_board_design_timing           ;
; EDA_GENERATE_FUNCTIONAL_NETLIST      ; Off                                    ; --                   ; --          ; eda_board_design_boundary_scan    ;
; EDA_GENERATE_FUNCTIONAL_NETLIST      ; Off                                    ; --                   ; --          ; eda_board_design_signal_integrity ;
; EDA_GENERATE_FUNCTIONAL_NETLIST      ; Off                                    ; --                   ; --          ; eda_board_design_symbol           ;
; EDA_NATIVELINK_SIMULATION_TEST_BENCH ; fetch_tb                               ; --                   ; --          ; eda_simulation                    ;
; EDA_OUTPUT_DATA_FORMAT               ; Verilog Hdl                            ; --                   ; --          ; eda_simulation                    ;
; EDA_SIMULATION_TOOL                  ; ModelSim-Altera (Verilog)              ; <None>               ; --          ; --                                ;
; EDA_TEST_BENCH_ENABLE_STATUS         ; TEST_BENCH_MODE                        ; --                   ; --          ; eda_simulation                    ;
; EDA_TEST_BENCH_FILE                  ; regfile_tb.sv                          ; --                   ; --          ; regfile_tb                        ;
; EDA_TEST_BENCH_FILE                  ; imem_tb.sv                             ; --                   ; --          ; imem_tb                           ;
; EDA_TEST_BENCH_FILE                  ; fetch_tb.sv                            ; --                   ; --          ; fetch_tb                          ;
; EDA_TEST_BENCH_FILE                  ; maindec_tb.sv                          ; --                   ; --          ; maindec_tb                        ;
; EDA_TEST_BENCH_MODULE_NAME           ; regfile_tb                             ; --                   ; --          ; regfile_tb                        ;
; EDA_TEST_BENCH_MODULE_NAME           ; imem_tb                                ; --                   ; --          ; imem_tb                           ;
; EDA_TEST_BENCH_MODULE_NAME           ; fetch_tb                               ; --                   ; --          ; fetch_tb                          ;
; EDA_TEST_BENCH_MODULE_NAME           ; maindec_tb                             ; --                   ; --          ; maindec_tb                        ;
; EDA_TEST_BENCH_NAME                  ; imem_tb                                ; --                   ; --          ; eda_simulation                    ;
; EDA_TEST_BENCH_NAME                  ; regfile_tb                             ; --                   ; --          ; eda_simulation                    ;
; EDA_TEST_BENCH_NAME                  ; maindec_tb                             ; --                   ; --          ; eda_simulation                    ;
; EDA_TEST_BENCH_NAME                  ; fetch_tb                               ; --                   ; --          ; eda_simulation                    ;
; EDA_TIME_SCALE                       ; 1 ps                                   ; --                   ; --          ; eda_simulation                    ;
; PARTITION_COLOR                      ; -- (Not supported for targeted family) ; --                   ; execute     ; Top                               ;
; PARTITION_FITTER_PRESERVATION_LEVEL  ; -- (Not supported for targeted family) ; --                   ; execute     ; Top                               ;
; PARTITION_NETLIST_TYPE               ; -- (Not supported for targeted family) ; --                   ; execute     ; Top                               ;
; PROJECT_OUTPUT_DIRECTORY             ; output_files                           ; --                   ; --          ; --                                ;
; TOP_LEVEL_ENTITY                     ; execute                                ; SingleCycleProcessor ; --          ; --                                ;
+--------------------------------------+----------------------------------------+----------------------+-------------+-----------------------------------+


+--------------------------------------------------------------------------------------------------------------------------+
; Flow Elapsed Time                                                                                                        ;
+----------------------+--------------+-------------------------+---------------------+------------------------------------+
; Module Name          ; Elapsed Time ; Average Processors Used ; Peak Virtual Memory ; Total CPU Time (on all processors) ;
+----------------------+--------------+-------------------------+---------------------+------------------------------------+
; Analysis & Synthesis ; 00:00:06     ; 1.0                     ; 391 MB              ; 00:00:18                           ;
; Total                ; 00:00:06     ; --                      ; --                  ; 00:00:18                           ;
+----------------------+--------------+-------------------------+---------------------+------------------------------------+


+----------------------------------------------------------------------------------------+
; Flow OS Summary                                                                        ;
+----------------------+------------------+----------------+------------+----------------+
; Module Name          ; Machine Hostname ; OS Name        ; OS Version ; Processor type ;
+----------------------+------------------+----------------+------------+----------------+
; Analysis & Synthesis ; jaquemate        ; Ubuntu 20.04.4 ; 20         ; x86_64         ;
+----------------------+------------------+----------------+------------+----------------+


------------
; Flow Log ;
------------
quartus_map --read_settings_files=on --write_settings_files=off SingleCycleProcessor -c SingleCycleProcessor



